[03:09:02] [ServerMain/INFO]: Environment: Environment[sessionHost=https://sessionserver.mojang.com, servicesHost=https://api.minecraftservices.com, name=PROD]
[03:09:05] [ServerMain/INFO]: Loaded 1373 recipes
[03:09:05] [ServerMain/INFO]: Loaded 1484 advancements
[03:09:05] [Server thread/INFO]: Starting minecraft server version 1.21.5
[03:09:05] [Server thread/INFO]: Loading properties
[03:09:05] [Server thread/INFO]: Default game type: SURVIVAL
[03:09:05] [Server thread/INFO]: Generating keypair
[03:09:05] [Server thread/INFO]: Starting Minecraft server on *:25565
[03:09:05] [Server thread/INFO]: Using epoll channel type
[03:09:05] [Server thread/WARN]: **** SERVER IS RUNNING IN OFFLINE/INSECURE MODE!
[03:09:05] [Server thread/WARN]: The server will make no attempt to authenticate usernames. Beware.
[03:09:05] [Server thread/WARN]: While this makes the game possible to play without internet access, it also opens up the ability for hackers to connect with any username they choose.
[03:09:05] [Server thread/WARN]: To change this, set "online-mode" to "true" in the server.properties file.
[03:09:05] [Server thread/INFO]: Preparing level "world"
[03:09:05] [Server thread/INFO]: Preparing start region for dimension minecraft:overworld
[03:09:09] [Worker-Main-2/INFO]: Preparing spawn area: 0%
[03:09:09] [Worker-Main-2/INFO]: Preparing spawn area: 0%
[03:09:09] [Worker-Main-2/INFO]: Preparing spawn area: 0%
[03:09:09] [Worker-Main-2/INFO]: Preparing spawn area: 0%
[03:09:09] [Worker-Main-2/INFO]: Preparing spawn area: 0%
[03:09:09] [Worker-Main-2/INFO]: Preparing spawn area: 0%
[03:09:09] [Worker-Main-2/INFO]: Preparing spawn area: 0%
[03:09:09] [Worker-Main-2/INFO]: Preparing spawn area: 0%
[03:09:09] [Worker-Main-1/INFO]: Preparing spawn area: 55%
[03:09:09] [Server thread/INFO]: Time elapsed: 4084 ms
[03:09:09] [Server thread/INFO]: Done (4.406s)! For help, type "help"
[03:09:58] [Server thread/INFO]: isafebrero2013[/100.103.217.30:64166] logged in with entity id 2 at (8.5, 88.0, 3.5)
[03:09:58] [Server thread/INFO]: isafebrero2013 joined the game
[03:11:37] [Server thread/INFO]: isafebrero2013 has reached the goal [Sky's the Limit]
[03:13:59] [Server thread/INFO]: isafebrero2013 lost connection: Disconnected
[03:13:59] [Server thread/INFO]: isafebrero2013 left the game
[03:14:59] [Server thread/INFO]: Server empty for 60 seconds, pausing
[03:15:42] [Server thread/INFO]: sebas2011junio[/100.103.217.30:59325] logged in with entity id 4371 at (105.55544823114123, 63.0, -182.37468090816898)
[03:15:42] [Server thread/INFO]: sebas2011junio joined the game
[03:16:25] [Server thread/INFO]: sebas2011junio lost connection: Disconnected
[03:16:25] [Server thread/INFO]: sebas2011junio left the game
